// Jest Snapshot v1, https://goo.gl/fbAQLP

exports[`DashboardPage should match the snapshot 1`] = `
<div
  className="flex h-screen bg-gray-100"
  data-testid="dashboard-page"
>
  <div
    className="
          lg:w-64 lg:block lg:shadow-md transition-transform duration-300 ease-in-out relative
          "
    data-testid="sidebar"
  >
    <div
      className="p-4"
    >
      <h2
        className="text-xl font-semibold mb-2 text-blue-800"
      >
        John
         
        Doe
      </h2>
      <p
        className="mb-4 text-gray-600"
      >
        john.doe@example.com
      </p>
      <nav>
        <ul>
          <li
            className="mb-2"
          >
            <a
              className=" block w-full text-left p-2 rounded-md transition duration-300 hover:bg-indigo-100"
              href="/dashboard/update-info"
              onClick={[Function]}
            >
              Update user info
            </a>
          </li>
          <li
            className="mb-2"
          >
            <a
              className=" block w-full text-left p-2 rounded-md transition duration-300 hover:bg-indigo-100"
              href="/dashboard/update-password"
              onClick={[Function]}
            >
              Update password
            </a>
          </li>
          <li
            className="mb-2"
          >
            <a
              className=" block w-full text-left p-2 rounded-md transition duration-300 hover:bg-indigo-100"
              href="/dashboard/github-repos"
              onClick={[Function]}
            >
              Github repos
            </a>
          </li>
          <li
            className="mb-2"
          >
            <button
              className="rounded-md focus:outline-none w-full text-white text-base px-4 py-2 bg-gray-500 hover:bg-gray-600"
              disabled={false}
              onClick={[Function]}
              type="button"
            >
              Logout
            </button>
          </li>
        </ul>
      </nav>
    </div>
  </div>
  <div
    className="flex-1 flex flex-col overflow-hidden"
  >
    <main
      className="flex-1 overflow-x-hidden overflow-y-auto pt-8 pl-8 pr-8 pb-16"
    >
      <div
        data-testid="github-repos"
      >
        <h1
          className="text-2xl font-bold mb-8 uppercase"
        >
          Github Repos
        </h1>
        <div
          className="flex items-center gap-4"
        >
          <div
            className=""
          >
            <input
              className="border rounded-md px-3 py-2 focus:outline-none transition duration-300 w-full md:w-96 max-w-full w-96 border-gray-400"
              disabled={false}
              onChange={[Function]}
              onKeyDown={[Function]}
              placeholder="Enter your Github username"
              type="text"
              value=""
            />
          </div>
          <button
            className="rounded-md focus:outline-none w-40 text-white text-base px-4 py-2 bg-indigo-500 hover:bg-indigo-600"
            disabled={false}
            onClick={[Function]}
            type="button"
          >
            Load repos
          </button>
        </div>
      </div>
    </main>
  </div>
</div>
`;
