// Jest Snapshot v1, https://goo.gl/fbAQLP

exports[`UpdatePasswordForm component should match the snapshot 1`] = `
<div
  data-testid="update-user-password-form"
>
  <h2
    className="text-2xl font-bold mb-4"
  >
    Update your password
  </h2>
  <form
    onSubmit={[Function]}
  >
    <div
      className="mb-4"
    >
      <label
        className="block text-sm font-semibold mb-1"
        htmlFor="Current Password"
      >
        Current Password
        <sup
          className="text-red-600"
        >
          *
        </sup>
      </label>
      <input
        className="border rounded-md px-3 py-2 focus:outline-none transition duration-300 w-96 max-w-full  border-gray-400"
        data-testid="current-password-input"
        disabled={false}
        name="currentPassword"
        onBlur={[Function]}
        onChange={[Function]}
        placeholder="Enter your current password"
        type="password"
      />
    </div>
    <div
      className="mb-4"
    >
      <label
        className="block text-sm font-semibold mb-1"
        htmlFor="New Password"
      >
        New Password
        <sup
          className="text-red-600"
        >
          *
        </sup>
      </label>
      <input
        className="border rounded-md px-3 py-2 focus:outline-none transition duration-300 w-96 max-w-full  border-gray-400"
        data-testid="new-password-input"
        disabled={false}
        name="newPassword"
        onBlur={[Function]}
        onChange={[Function]}
        placeholder="Enter your new password"
        type="password"
      />
    </div>
    <div
      className="mb-4"
    >
      <label
        className="block text-sm font-semibold mb-1"
        htmlFor="Confirm New Password"
      >
        Confirm New Password
        <sup
          className="text-red-600"
        >
          *
        </sup>
      </label>
      <input
        className="border rounded-md px-3 py-2 focus:outline-none transition duration-300 w-96 max-w-full  border-gray-400"
        data-testid="confirm-password-input"
        disabled={false}
        name="confirmNewPassword"
        onBlur={[Function]}
        onChange={[Function]}
        placeholder="Confirm your new password"
        type="password"
      />
    </div>
    <button
      className="px-4 py-2 rounded-md focus:outline-none w-96 bg-blue-500 text-white"
      data-testid="submit-button"
      disabled={false}
      type="submit"
    >
      Update Password
    </button>
  </form>
</div>
`;
