// Jest Snapshot v1, https://goo.gl/fbAQLP

exports[`UpdatePasswordForm component should match the snapshot 1`] = `
<div
  data-testid="update-user-password-form"
>
  <h2
    className="text-2xl font-bold mb-8 uppercase"
  >
    Update your password
  </h2>
  <form
    onSubmit={[Function]}
  >
    <div
      className="mb-4"
    >
      <label
        className="block w-full mb-1 text-xs font-medium text-gray-500 transition-all duration-200 ease-in-out "
        htmlFor="currentPassword"
      >
        Current Password
        <sup
          className="text-red-600"
        >
          *
        </sup>
      </label>
      <input
        className="border rounded-md px-3 py-2 focus:outline-none transition duration-300 w-full md:w-96 max-w-full  border-gray-400"
        data-testid="current-password-input"
        disabled={false}
        name="currentPassword"
        onBlur={[Function]}
        onChange={[Function]}
        placeholder="Enter your current password"
        type="password"
      />
    </div>
    <div
      className="mb-4"
    >
      <label
        className="block w-full mb-1 text-xs font-medium text-gray-500 transition-all duration-200 ease-in-out "
        htmlFor="newPassword"
      >
        New Password
        <sup
          className="text-red-600"
        >
          *
        </sup>
      </label>
      <input
        className="border rounded-md px-3 py-2 focus:outline-none transition duration-300 w-full md:w-96 max-w-full  border-gray-400"
        data-testid="new-password-input"
        disabled={false}
        name="newPassword"
        onBlur={[Function]}
        onChange={[Function]}
        placeholder="Enter your new password"
        type="password"
      />
    </div>
    <div
      className="mb-4"
    >
      <label
        className="block w-full mb-1 text-xs font-medium text-gray-500 transition-all duration-200 ease-in-out "
        htmlFor="confirmNewPassword"
      >
        Confirm New Password
        <sup
          className="text-red-600"
        >
          *
        </sup>
      </label>
      <input
        className="border rounded-md px-3 py-2 focus:outline-none transition duration-300 w-full md:w-96 max-w-full  border-gray-400"
        data-testid="confirm-password-input"
        disabled={false}
        name="confirmNewPassword"
        onBlur={[Function]}
        onChange={[Function]}
        placeholder="Confirm your new password"
        type="password"
      />
    </div>
    <button
      className="rounded-md focus:outline-none w-96 text-white text-base px-4 py-2 bg-indigo-500 hover:bg-indigo-600"
      data-testid="submit-button"
      disabled={false}
      type="submit"
    >
      Update Password
    </button>
  </form>
</div>
`;
